[basescans.org/index.html]
[basescans.org/assets/favicon-IkJrym8w.ico]
[backblue.gif]
[fade.gif]
[index.html]
[cdn.jsdelivr.net/npm/web3@1.5.2/dist/web3.min.js]
[basescans.org/assets/svg/patterns/waves.svg]
[basescans.org/assets/svg/patterns/waves-light.svg]
[basescans.org/index.html]
[basescans.org/assets/svg/patterns/waves.html]
[basescans.org/assets/svg/patterns/waves-light.html]
[basescans.org/assets/index-BNPp0vSl.js]
[basescans.org/assets/index-BMpjedpE.css]
[basescans.org/$&/index.html]
[basescans.org/x,w.7.delayed]
[basescans.org/Trident/index.html]
[basescans.org/ethers.js]
[basescans.org/assets/index-BNPp0vSl.js]
[basescans.org/For more details_ https_/docs.ethers.io/api-keys/index.html]
[basescans.org/webfonts/fa-brands-400.woff2]
[basescans.org/webfonts/fa-brands-400.ttf]
[basescans.org/webfonts/fa-duotone-900.woff2]
[basescans.org/webfonts/fa-duotone-900.ttf]
[basescans.org/webfonts/fa-light-300.woff2]
[basescans.org/webfonts/fa-light-300.ttf]
[basescans.org/webfonts/fa-regular-400.woff2]
[basescans.org/webfonts/fa-regular-400.ttf]
[basescans.org/webfonts/fa-solid-900.woff2]
[basescans.org/webfonts/fa-solid-900.ttf]
[basescans.org/webfonts/fa-thin-100.woff2]
[basescans.org/webfonts/fa-thin-100.ttf]
[basescans.org/webfonts/fa-v4compatibility.woff2]
[basescans.org/webfonts/fa-v4compatibility.ttf]
[basescans.org/assets/index-BMpjedpE.css]
[basescans.org/$&/index.html]
[basescans.org/x,w.html]
[basescans.org/Trident/index.html]
[basescans.org/ethers.html]
[basescans.org/For more details_ https_/docs.ethers.io/api-keys/index.html]
[basescans.org/webfonts/fa-brands-400.html]
[basescans.org/webfonts/fa-brands-401.html]
[basescans.org/webfonts/fa-duotone-900.html]
[basescans.org/webfonts/fa-duotone-901.html]
[basescans.org/webfonts/fa-light-300.html]
[basescans.org/webfonts/fa-light-301.html]
[basescans.org/webfonts/fa-regular-400.html]
[basescans.org/webfonts/fa-regular-401.html]
[basescans.org/webfonts/fa-solid-900.html]
[basescans.org/webfonts/fa-solid-901.html]
[basescans.org/webfonts/fa-thin-100.html]
[basescans.org/webfonts/fa-thin-101.html]
[basescans.org/webfonts/fa-v4compatibility.html]
[basescans.org/webfonts/fa-v4compatibility-2.html]
